{
  "candidates": [
    {
      "content": {
        "parts": [
          {
            "text": "The",
            "thought": true
          }
        ]
      }
    }
  ]
}
---
{
  "candidates": [
    {
      "content": {
        "parts": [
          {
            "text": " user",
            "thought": true
          }
        ]
      }
    }
  ]
}
---
{
  "candidates": [
    {
      "content": {
        "parts": [
          {
            "text": " just",
            "thought": true
          }
        ]
      }
    }
  ]
}
---
{
  "candidates": [
    {
      "content": {
        "parts": [
          {
            "text": " says",
            "thought": true
          }
        ]
      }
    }
  ]
}
---
{
  "candidates": [
    {
      "content": {
        "parts": [
          {
            "text": " \"",
            "thought": true
          }
        ]
      }
    }
  ]
}
---
{
  "candidates": [
    {
      "content": {
        "parts": [
          {
            "text": "Hello",
            "thought": true
          }
        ]
      }
    }
  ]
}
---
{
  "candidates": [
    {
      "content": {
        "parts": [
          {
            "text": "\".",
            "thought": true
          }
        ]
      }
    }
  ]
}
---
{
  "candidates": [
    {
      "content": {
        "parts": [
          {
            "text": " The",
            "thought": true
          }
        ]
      }
    }
  ]
}
---
{
  "candidates": [
    {
      "content": {
        "parts": [
          {
            "text": " system",
            "thought": true
          }
        ]
      }
    }
  ]
}
---
{
  "candidates": [
    {
      "content": {
        "parts": [
          {
            "text": " says",
            "thought": true
          }
        ]
      }
    }
  ]
}
---
{
  "candidates": [
    {
      "content": {
        "parts": [
          {
            "text": " we",
            "thought": true
          }
        ]
      }
    }
  ]
}
---
{
  "candidates": [
    {
      "content": {
        "parts": [
          {
            "text": " should",
            "thought": true
          }
        ]
      }
    }
  ]
}
---
{
  "candidates": [
    {
      "content": {
        "parts": [
          {
            "text": " be",
            "thought": true
          }
        ]
      }
    }
  ]
}
---
{
  "candidates": [
    {
      "content": {
        "parts": [
          {
            "text": " friendly",
            "thought": true
          }
        ]
      }
    }
  ]
}
---
{
  "candidates": [
    {
      "content": {
        "parts": [
          {
            "text": ",",
            "thought": true
          }
        ]
      }
    }
  ]
}
---
{
  "candidates": [
    {
      "content": {
        "parts": [
          {
            "text": " supportive",
            "thought": true
          }
        ]
      }
    }
  ]
}
---
{
  "candidates": [
    {
      "content": {
        "parts": [
          {
            "text": ",",
            "thought": true
          }
        ]
      }
    }
  ]
}
---
{
  "candidates": [
    {
      "content": {
        "parts": [
          {
            "text": " and",
            "thought": true
          }
        ]
      }
    }
  ]
}
---
{
  "candidates": [
    {
      "content": {
        "parts": [
          {
            "text": " enthusiastic",
            "thought": true
          }
        ]
      }
    }
  ]
}
---
{
  "candidates": [
    {
      "content": {
        "parts": [
          {
            "text": ".",
            "thought": true
          }
        ]
      }
    }
  ]
}
---
{
  "candidates": [
    {
      "content": {
        "parts": [
          {
            "text": " We",
            "thought": true
          }
        ]
      }
    }
  ]
}
---
{
  "candidates": [
    {
      "content": {
        "parts": [
          {
            "text": " should",
            "thought": true
          }
        ]
      }
    }
  ]
}
---
{
  "candidates": [
    {
      "content": {
        "parts": [
          {
            "text": " greet",
            "thought": true
          }
        ]
      }
    }
  ]
}
---
{
  "candidates": [
    {
      "content": {
        "parts": [
          {
            "text": " back",
            "thought": true
          }
        ]
      }
    }
  ]
}
---
{
  "candidates": [
    {
      "content": {
        "parts": [
          {
            "text": ",",
            "thought": true
          }
        ]
      }
    }
  ]
}
---
{
  "candidates": [
    {
      "content": {
        "parts": [
          {
            "text": " ask",
            "thought": true
          }
        ]
      }
    }
  ]
}
---
{
  "candidates": [
    {
      "content": {
        "parts": [
          {
            "text": " a",
            "thought": true
          }
        ]
      }
    }
  ]
}
---
{
  "candidates": [
    {
      "content": {
        "parts": [
          {
            "text": " question",
            "thought": true
          }
        ]
      }
    }
  ]
}
---
{
  "candidates": [
    {
      "content": {
        "parts": [
          {
            "text": ".",
            "thought": true
          }
        ]
      }
    }
  ]
}
---
{
  "candidates": [
    {
      "content": {
        "parts": [
          {
            "text": " There's",
            "thought": true
          }
        ]
      }
    }
  ]
}
---
{
  "candidates": [
    {
      "content": {
        "parts": [
          {
            "text": " no",
            "thought": true
          }
        ]
      }
    }
  ]
}
---
{
  "candidates": [
    {
      "content": {
        "parts": [
          {
            "text": " specific",
            "thought": true
          }
        ]
      }
    }
  ]
}
---
{
  "candidates": [
    {
      "content": {
        "parts": [
          {
            "text": " instruction",
            "thought": true
          }
        ]
      }
    }
  ]
}
---
{
  "candidates": [
    {
      "content": {
        "parts": [
          {
            "text": ".",
            "thought": true
          }
        ]
      }
    }
  ]
}
---
{
  "candidates": [
    {
      "content": {
        "parts": [
          {
            "text": " Probably",
            "thought": true
          }
        ]
      }
    }
  ]
}
---
{
  "candidates": [
    {
      "content": {
        "parts": [
          {
            "text": " a",
            "thought": true
          }
        ]
      }
    }
  ]
}
---
{
  "candidates": [
    {
      "content": {
        "parts": [
          {
            "text": " simple",
            "thought": true
          }
        ]
      }
    }
  ]
}
---
{
  "candidates": [
    {
      "content": {
        "parts": [
          {
            "text": " response",
            "thought": true
          }
        ]
      }
    }
  ]
}
---
{
  "candidates": [
    {
      "content": {
        "parts": [
          {
            "text": ".",
            "thought": true
          }
        ]
      }
    }
  ]
}
---
{
  "candidates": [
    {
      "content": {
        "parts": [
          {
            "text": "\n\nWe",
            "thought": true
          }
        ]
      }
    }
  ]
}
---
{
  "candidates": [
    {
      "content": {
        "parts": [
          {
            "text": " should",
            "thought": true
          }
        ]
      }
    }
  ]
}
---
{
  "candidates": [
    {
      "content": {
        "parts": [
          {
            "text": " respond",
            "thought": true
          }
        ]
      }
    }
  ]
}
---
{
  "candidates": [
    {
      "content": {
        "parts": [
          {
            "text": " with",
            "thought": true
          }
        ]
      }
    }
  ]
}
---
{
  "candidates": [
    {
      "content": {
        "parts": [
          {
            "text": " a",
            "thought": true
          }
        ]
      }
    }
  ]
}
---
{
  "candidates": [
    {
      "content": {
        "parts": [
          {
            "text": " friendly",
            "thought": true
          }
        ]
      }
    }
  ]
}
---
{
  "candidates": [
    {
      "content": {
        "parts": [
          {
            "text": " greeting",
            "thought": true
          }
        ]
      }
    }
  ]
}
---
{
  "candidates": [
    {
      "content": {
        "parts": [
          {
            "text": ",",
            "thought": true
          }
        ]
      }
    }
  ]
}
---
{
  "candidates": [
    {
      "content": {
        "parts": [
          {
            "text": " maybe",
            "thought": true
          }
        ]
      }
    }
  ]
}
---
{
  "candidates": [
    {
      "content": {
        "parts": [
          {
            "text": " ask",
            "thought": true
          }
        ]
      }
    }
  ]
}
---
{
  "candidates": [
    {
      "content": {
        "parts": [
          {
            "text": " how",
            "thought": true
          }
        ]
      }
    }
  ]
}
---
{
  "candidates": [
    {
      "content": {
        "parts": [
          {
            "text": " can",
            "thought": true
          }
        ]
      }
    }
  ]
}
---
{
  "candidates": [
    {
      "content": {
        "parts": [
          {
            "text": " I",
            "thought": true
          }
        ]
      }
    }
  ]
}
---
{
  "candidates": [
    {
      "content": {
        "parts": [
          {
            "text": " help",
            "thought": true
          }
        ]
      }
    }
  ]
}
---
{
  "candidates": [
    {
      "content": {
        "parts": [
          {
            "text": ".",
            "thought": true
          }
        ]
      }
    }
  ]
}
---
{
  "candidates": [
    {
      "content": {
        "parts": [
          {
            "text": "Hi"
          }
        ],
        "role": "model"
      }
    }
  ]
}
---
{
  "candidates": [
    {
      "content": {
        "parts": [
          {
            "text": " there"
          }
        ],
        "role": "model"
      }
    }
  ]
}
---
{
  "candidates": [
    {
      "content": {
        "parts": [
          {
            "text": "!"
          }
        ],
        "role": "model"
      }
    }
  ]
}
---
{
  "candidates": [
    {
      "content": {
        "parts": [
          {
            "text": " 👋"
          }
        ],
        "role": "model"
      }
    }
  ]
}
---
{
  "candidates": [
    {
      "content": {
        "parts": [
          {
            "text": " How"
          }
        ],
        "role": "model"
      }
    }
  ]
}
---
{
  "candidates": [
    {
      "content": {
        "parts": [
          {
            "text": " can"
          }
        ],
        "role": "model"
      }
    }
  ]
}
---
{
  "candidates": [
    {
      "content": {
        "parts": [
          {
            "text": " I"
          }
        ],
        "role": "model"
      }
    }
  ]
}
---
{
  "candidates": [
    {
      "content": {
        "parts": [
          {
            "text": " help"
          }
        ],
        "role": "model"
      }
    }
  ]
}
---
{
  "candidates": [
    {
      "content": {
        "parts": [
          {
            "text": " you"
          }
        ],
        "role": "model"
      }
    }
  ]
}
---
{
  "candidates": [
    {
      "content": {
        "parts": [
          {
            "text": " with"
          }
        ],
        "role": "model"
      }
    }
  ]
}
---
{
  "candidates": [
    {
      "content": {
        "parts": [
          {
            "text": " your"
          }
        ],
        "role": "model"
      }
    }
  ]
}
---
{
  "candidates": [
    {
      "content": {
        "parts": [
          {
            "text": " question"
          }
        ],
        "role": "model"
      }
    }
  ]
}
---
{
  "candidates": [
    {
      "content": {
        "parts": [
          {
            "text": " or"
          }
        ],
        "role": "model"
      }
    }
  ]
}
---
{
  "candidates": [
    {
      "content": {
        "parts": [
          {
            "text": " task"
          }
        ],
        "role": "model"
      }
    }
  ]
}
---
{
  "candidates": [
    {
      "content": {
        "parts": [
          {
            "text": " today"
          }
        ],
        "role": "model"
      }
    }
  ]
}
---
{
  "candidates": [
    {
      "content": {
        "parts": [
          {
            "text": "?"
          }
        ],
        "role": "model"
      }
    }
  ]
}
---
{
  "candidates": [
    {
      "content": {
        "parts": null
      },
      "finishReason": "STOP"
    }
  ]
}
---
{
  "candidates": null,
  "usageMetadata": {
    "candidatesTokenCount": 71,
    "promptTokenCount": 1,
    "totalTokenCount": 72
  }
}
