{
  "model": "mimo-v2.5",
  "object": "response",
  "output": [
    {
      "content": [
        {
          "text": "The user wants a one-word description of an image.\nI need to look at the image provided.\nThe image is a solid black rectangle.\nI will select a single word that accurately describes this visual. \"Black\" is the most direct and accurate single-word descriptor.",
          "type": "reasoning_text"
        }
      ],
      "status": "completed",
      "type": "reasoning"
    },
    {
      "content": [
        {
          "text": "Black",
          "type": "output_text"
        }
      ],
      "role": "assistant",
      "status": "completed",
      "type": "message"
    }
  ],
  "status": "completed",
  "usage": {
    "input_tokens": 16,
    "output_tokens": 57,
    "total_tokens": 73
  }
}
