{
  "model": "mimo-v2.5-pro",
  "object": "response",
  "output": [
    {
      "content": [
        {
          "text": "Great, the weather in Paris is 18°C and sunny. I should present this information in a clear, friendly way to the user.",
          "type": "reasoning_text"
        }
      ],
      "status": "completed",
      "type": "reasoning"
    },
    {
      "content": [
        {
          "text": "The weather in Paris is currently 18°C and sunny. Enjoy the beautiful day! ☀️",
          "type": "output_text"
        }
      ],
      "role": "assistant",
      "status": "completed",
      "type": "message"
    }
  ],
  "status": "completed",
  "usage": {
    "input_tokens": 20,
    "output_tokens": 53,
    "total_tokens": 73
  }
}
