{
  "input": [
    {
      "content": [
        {
          "text": "Describe this image in one word.",
          "type": "input_text"
        },
        {
          "image_url": "data:image/png;base64,iVBORw0KGgoAAAANSUhEUgAAAAEAAAABCAQAAAC1HAwCAAAAC0lEQVR42mNk+M9QDwADhgGAWjR9awAAAABJRU5ErkJggg==",
          "type": "input_image"
        }
      ],
      "role": "user",
      "type": "message"
    }
  ],
  "instructions": "You are a helpful assistant.",
  "max_output_tokens": 100,
  "model": "mimo-v2.5",
  "store": false
}
