{
  "choices": [
    {
      "finish_reason": "stop",
      "index": 0,
      "message": {
        "content": "black",
        "reasoning_content": "The user wants a one-word description of the image.\nI will examine the image content.\nThe image is a solid, uniform black rectangle with no discernible details, objects, or text.\nTherefore, the most appropriate single word to describe it is \"black.\"",
        "role": "assistant"
      }
    }
  ],
  "model": "mimo-v2.5",
  "object": "chat.completion",
  "usage": {
    "completion_tokens": 56,
    "prompt_tokens": 42,
    "total_tokens": 98
  }
}
