{
  "choices": [
    {
      "finish_reason": "length",
      "index": 0,
      "message": {
        "content": "Okay, the user just said \"Hello\". It's a simple greeting, so I should respond politely. Since they haven't provided any specific context or request, I'll keep it friendly and open-ended to encourage them to share more if they need help. \n\nHmm, they might be testing if I'm responsive, or perhaps they're about to ask something but wanted to start with a greeting first. I'll make sure my reply is warm and inviting—no need for overcomplication",
        "role": "assistant"
      }
    }
  ],
  "model": "nvidia/nemotron-3-super-120b-a12b:free",
  "object": "chat.completion",
  "usage": {
    "completion_tokens": 100,
    "prompt_tokens": 23,
    "total_tokens": 123
  }
}
