{
  "choices": [
    {
      "finish_reason": "tool_calls",
      "index": 0,
      "message": {
        "content": "I'll get the current weather in Paris for you.",
        "role": "assistant",
        "tool_calls": [
          {
            "function": {
              "arguments": "{\"city\": \"Paris\"}",
              "name": "get_weather"
            },
            "type": "function"
          }
        ]
      }
    }
  ],
  "model": "poolside/laguna-xs-2.1:free",
  "object": "chat.completion",
  "usage": {
    "completion_tokens": 33,
    "prompt_tokens": 117,
    "total_tokens": 150
  }
}
