{
  "content": [
    {
      "input": {
        "city": "Paris"
      },
      "name": "get_weather",
      "type": "tool_use"
    }
  ],
  "model": "gemini-2.5-flash",
  "role": "assistant",
  "stop_reason": "tool_use",
  "type": "message",
  "usage": {
    "input_tokens": 46,
    "output_tokens": 15
  }
}
