{
  "contents": [
    {
      "parts": [
        {
          "text": "What is the weather in Paris?"
        }
      ],
      "role": "user"
    }
  ],
  "generationConfig": {
    "maxOutputTokens": 100
  },
  "tools": [
    {
      "functionDeclarations": [
        {
          "description": "Get the weather for a city",
          "name": "get_weather",
          "parameters": {
            "properties": {
              "city": {
                "type": "STRING"
              }
            },
            "required": [
              "city"
            ],
            "type": "OBJECT"
          }
        }
      ]
    }
  ]
}
