{
  "candidates": [
    {
      "content": {
        "parts": [
          {
            "text": "Let me calculate 17 × 23 step by step.\n\nMethod: Break it down\n\n17 × 23\n\n= 17 × (20 + 3)\n\n= 17 × 20 + 17 × 3\n\n= 340 + 51\n\n= 391\n\nLet me verify:\n17 × 20 = 340 ✓\n17 × 3 = 51 ✓\n340 + 51 = 391 ✓",
            "thought": true
          },
          {
            "text": "## Calculating 17 × 23\n\n**Step 1:** Break 23 into easier parts: **20 + 3**\n\n**Step 2:** Multiply 17 by each part:\n- 17 × 20 = **340**\n- 17 × 3 = **51**\n\n**Step 3:** Add the results:\n- 340 + 51 = **391**\n\n✅ **17 × 23 = 391**"
          }
        ],
        "role": "model"
      },
      "finishReason": "STOP"
    }
  ],
  "usageMetadata": {
    "candidatesTokenCount": 223,
    "promptTokenCount": 73,
    "totalTokenCount": 296
  }
}
