{
  "candidates": [
    {
      "content": {
        "parts": [
          {
            "text": "\n",
            "thought": true
          }
        ]
      }
    }
  ]
}
---
{
  "candidates": [
    {
      "content": {
        "parts": [
          {
            "text": "Okay",
            "thought": true
          }
        ]
      }
    }
  ]
}
---
{
  "candidates": [
    {
      "content": {
        "parts": [
          {
            "text": ",",
            "thought": true
          }
        ]
      }
    }
  ]
}
---
{
  "candidates": [
    {
      "content": {
        "parts": [
          {
            "text": " the",
            "thought": true
          }
        ]
      }
    }
  ]
}
---
{
  "candidates": [
    {
      "content": {
        "parts": [
          {
            "text": " user",
            "thought": true
          }
        ]
      }
    }
  ]
}
---
{
  "candidates": [
    {
      "content": {
        "parts": [
          {
            "text": " said",
            "thought": true
          }
        ]
      }
    }
  ]
}
---
{
  "candidates": [
    {
      "content": {
        "parts": [
          {
            "text": " \"",
            "thought": true
          }
        ]
      }
    }
  ]
}
---
{
  "candidates": [
    {
      "content": {
        "parts": [
          {
            "text": "Hello",
            "thought": true
          }
        ]
      }
    }
  ]
}
---
{
  "candidates": [
    {
      "content": {
        "parts": [
          {
            "text": ".\"",
            "thought": true
          }
        ]
      }
    }
  ]
}
---
{
  "candidates": [
    {
      "content": {
        "parts": [
          {
            "text": " I",
            "thought": true
          }
        ]
      }
    }
  ]
}
---
{
  "candidates": [
    {
      "content": {
        "parts": [
          {
            "text": " need",
            "thought": true
          }
        ]
      }
    }
  ]
}
---
{
  "candidates": [
    {
      "content": {
        "parts": [
          {
            "text": " to",
            "thought": true
          }
        ]
      }
    }
  ]
}
---
{
  "candidates": [
    {
      "content": {
        "parts": [
          {
            "text": " respond",
            "thought": true
          }
        ]
      }
    }
  ]
}
---
{
  "candidates": [
    {
      "content": {
        "parts": [
          {
            "text": " appropriately",
            "thought": true
          }
        ]
      }
    }
  ]
}
---
{
  "candidates": [
    {
      "content": {
        "parts": [
          {
            "text": ".",
            "thought": true
          }
        ]
      }
    }
  ]
}
---
{
  "candidates": [
    {
      "content": {
        "parts": [
          {
            "text": " Let",
            "thought": true
          }
        ]
      }
    }
  ]
}
---
{
  "candidates": [
    {
      "content": {
        "parts": [
          {
            "text": " me",
            "thought": true
          }
        ]
      }
    }
  ]
}
---
{
  "candidates": [
    {
      "content": {
        "parts": [
          {
            "text": " start",
            "thought": true
          }
        ]
      }
    }
  ]
}
---
{
  "candidates": [
    {
      "content": {
        "parts": [
          {
            "text": " by",
            "thought": true
          }
        ]
      }
    }
  ]
}
---
{
  "candidates": [
    {
      "content": {
        "parts": [
          {
            "text": " greeting",
            "thought": true
          }
        ]
      }
    }
  ]
}
---
{
  "candidates": [
    {
      "content": {
        "parts": [
          {
            "text": " them",
            "thought": true
          }
        ]
      }
    }
  ]
}
---
{
  "candidates": [
    {
      "content": {
        "parts": [
          {
            "text": " back",
            "thought": true
          }
        ]
      }
    }
  ]
}
---
{
  "candidates": [
    {
      "content": {
        "parts": [
          {
            "text": ".",
            "thought": true
          }
        ]
      }
    }
  ]
}
---
{
  "candidates": [
    {
      "content": {
        "parts": [
          {
            "text": " Maybe",
            "thought": true
          }
        ]
      }
    }
  ]
}
---
{
  "candidates": [
    {
      "content": {
        "parts": [
          {
            "text": " ask",
            "thought": true
          }
        ]
      }
    }
  ]
}
---
{
  "candidates": [
    {
      "content": {
        "parts": [
          {
            "text": " how",
            "thought": true
          }
        ]
      }
    }
  ]
}
---
{
  "candidates": [
    {
      "content": {
        "parts": [
          {
            "text": " I",
            "thought": true
          }
        ]
      }
    }
  ]
}
---
{
  "candidates": [
    {
      "content": {
        "parts": [
          {
            "text": " can",
            "thought": true
          }
        ]
      }
    }
  ]
}
---
{
  "candidates": [
    {
      "content": {
        "parts": [
          {
            "text": " assist",
            "thought": true
          }
        ]
      }
    }
  ]
}
---
{
  "candidates": [
    {
      "content": {
        "parts": [
          {
            "text": " them",
            "thought": true
          }
        ]
      }
    }
  ]
}
---
{
  "candidates": [
    {
      "content": {
        "parts": [
          {
            "text": " today",
            "thought": true
          }
        ]
      }
    }
  ]
}
---
{
  "candidates": [
    {
      "content": {
        "parts": [
          {
            "text": ".",
            "thought": true
          }
        ]
      }
    }
  ]
}
---
{
  "candidates": [
    {
      "content": {
        "parts": [
          {
            "text": " Keep",
            "thought": true
          }
        ]
      }
    }
  ]
}
---
{
  "candidates": [
    {
      "content": {
        "parts": [
          {
            "text": " it",
            "thought": true
          }
        ]
      }
    }
  ]
}
---
{
  "candidates": [
    {
      "content": {
        "parts": [
          {
            "text": " friendly",
            "thought": true
          }
        ]
      }
    }
  ]
}
---
{
  "candidates": [
    {
      "content": {
        "parts": [
          {
            "text": " and",
            "thought": true
          }
        ]
      }
    }
  ]
}
---
{
  "candidates": [
    {
      "content": {
        "parts": [
          {
            "text": " open",
            "thought": true
          }
        ]
      }
    }
  ]
}
---
{
  "candidates": [
    {
      "content": {
        "parts": [
          {
            "text": "-ended",
            "thought": true
          }
        ]
      }
    }
  ]
}
---
{
  "candidates": [
    {
      "content": {
        "parts": [
          {
            "text": " so",
            "thought": true
          }
        ]
      }
    }
  ]
}
---
{
  "candidates": [
    {
      "content": {
        "parts": [
          {
            "text": " they",
            "thought": true
          }
        ]
      }
    }
  ]
}
---
{
  "candidates": [
    {
      "content": {
        "parts": [
          {
            "text": " feel",
            "thought": true
          }
        ]
      }
    }
  ]
}
---
{
  "candidates": [
    {
      "content": {
        "parts": [
          {
            "text": " comfortable",
            "thought": true
          }
        ]
      }
    }
  ]
}
---
{
  "candidates": [
    {
      "content": {
        "parts": [
          {
            "text": " to",
            "thought": true
          }
        ]
      }
    }
  ]
}
---
{
  "candidates": [
    {
      "content": {
        "parts": [
          {
            "text": " ask",
            "thought": true
          }
        ]
      }
    }
  ]
}
---
{
  "candidates": [
    {
      "content": {
        "parts": [
          {
            "text": " any",
            "thought": true
          }
        ]
      }
    }
  ]
}
---
{
  "candidates": [
    {
      "content": {
        "parts": [
          {
            "text": " questions",
            "thought": true
          }
        ]
      }
    }
  ]
}
---
{
  "candidates": [
    {
      "content": {
        "parts": [
          {
            "text": ".",
            "thought": true
          }
        ]
      }
    }
  ]
}
---
{
  "candidates": [
    {
      "content": {
        "parts": [
          {
            "text": " Let",
            "thought": true
          }
        ]
      }
    }
  ]
}
---
{
  "candidates": [
    {
      "content": {
        "parts": [
          {
            "text": " me",
            "thought": true
          }
        ]
      }
    }
  ]
}
---
{
  "candidates": [
    {
      "content": {
        "parts": [
          {
            "text": " check",
            "thought": true
          }
        ]
      }
    }
  ]
}
---
{
  "candidates": [
    {
      "content": {
        "parts": [
          {
            "text": " if",
            "thought": true
          }
        ]
      }
    }
  ]
}
---
{
  "candidates": [
    {
      "content": {
        "parts": [
          {
            "text": " there",
            "thought": true
          }
        ]
      }
    }
  ]
}
---
{
  "candidates": [
    {
      "content": {
        "parts": [
          {
            "text": "'s",
            "thought": true
          }
        ]
      }
    }
  ]
}
---
{
  "candidates": [
    {
      "content": {
        "parts": [
          {
            "text": " any",
            "thought": true
          }
        ]
      }
    }
  ]
}
---
{
  "candidates": [
    {
      "content": {
        "parts": [
          {
            "text": " specific",
            "thought": true
          }
        ]
      }
    }
  ]
}
---
{
  "candidates": [
    {
      "content": {
        "parts": [
          {
            "text": " context",
            "thought": true
          }
        ]
      }
    }
  ]
}
---
{
  "candidates": [
    {
      "content": {
        "parts": [
          {
            "text": " I",
            "thought": true
          }
        ]
      }
    }
  ]
}
---
{
  "candidates": [
    {
      "content": {
        "parts": [
          {
            "text": " should",
            "thought": true
          }
        ]
      }
    }
  ]
}
---
{
  "candidates": [
    {
      "content": {
        "parts": [
          {
            "text": " be",
            "thought": true
          }
        ]
      }
    }
  ]
}
---
{
  "candidates": [
    {
      "content": {
        "parts": [
          {
            "text": " aware",
            "thought": true
          }
        ]
      }
    }
  ]
}
---
{
  "candidates": [
    {
      "content": {
        "parts": [
          {
            "text": " of",
            "thought": true
          }
        ]
      }
    }
  ]
}
---
{
  "candidates": [
    {
      "content": {
        "parts": [
          {
            "text": ",",
            "thought": true
          }
        ]
      }
    }
  ]
}
---
{
  "candidates": [
    {
      "content": {
        "parts": [
          {
            "text": " but",
            "thought": true
          }
        ]
      }
    }
  ]
}
---
{
  "candidates": [
    {
      "content": {
        "parts": [
          {
            "text": " since",
            "thought": true
          }
        ]
      }
    }
  ]
}
---
{
  "candidates": [
    {
      "content": {
        "parts": [
          {
            "text": " it",
            "thought": true
          }
        ]
      }
    }
  ]
}
---
{
  "candidates": [
    {
      "content": {
        "parts": [
          {
            "text": "'s",
            "thought": true
          }
        ]
      }
    }
  ]
}
---
{
  "candidates": [
    {
      "content": {
        "parts": [
          {
            "text": " a",
            "thought": true
          }
        ]
      }
    }
  ]
}
---
{
  "candidates": [
    {
      "content": {
        "parts": [
          {
            "text": " general",
            "thought": true
          }
        ]
      }
    }
  ]
}
---
{
  "candidates": [
    {
      "content": {
        "parts": [
          {
            "text": " greeting",
            "thought": true
          }
        ]
      }
    }
  ]
}
---
{
  "candidates": [
    {
      "content": {
        "parts": [
          {
            "text": ",",
            "thought": true
          }
        ]
      }
    }
  ]
}
---
{
  "candidates": [
    {
      "content": {
        "parts": [
          {
            "text": " probably",
            "thought": true
          }
        ]
      }
    }
  ]
}
---
{
  "candidates": [
    {
      "content": {
        "parts": [
          {
            "text": " not",
            "thought": true
          }
        ]
      }
    }
  ]
}
---
{
  "candidates": [
    {
      "content": {
        "parts": [
          {
            "text": ".",
            "thought": true
          }
        ]
      }
    }
  ]
}
---
{
  "candidates": [
    {
      "content": {
        "parts": [
          {
            "text": " Just",
            "thought": true
          }
        ]
      }
    }
  ]
}
---
{
  "candidates": [
    {
      "content": {
        "parts": [
          {
            "text": " make",
            "thought": true
          }
        ]
      }
    }
  ]
}
---
{
  "candidates": [
    {
      "content": {
        "parts": [
          {
            "text": " sure",
            "thought": true
          }
        ]
      }
    }
  ]
}
---
{
  "candidates": [
    {
      "content": {
        "parts": [
          {
            "text": " the",
            "thought": true
          }
        ]
      }
    }
  ]
}
---
{
  "candidates": [
    {
      "content": {
        "parts": [
          {
            "text": " response",
            "thought": true
          }
        ]
      }
    }
  ]
}
---
{
  "candidates": [
    {
      "content": {
        "parts": [
          {
            "text": " is",
            "thought": true
          }
        ]
      }
    }
  ]
}
---
{
  "candidates": [
    {
      "content": {
        "parts": [
          {
            "text": " welcoming",
            "thought": true
          }
        ]
      }
    }
  ]
}
---
{
  "candidates": [
    {
      "content": {
        "parts": [
          {
            "text": " and",
            "thought": true
          }
        ]
      }
    }
  ]
}
---
{
  "candidates": [
    {
      "content": {
        "parts": [
          {
            "text": " offers",
            "thought": true
          }
        ]
      }
    }
  ]
}
---
{
  "candidates": [
    {
      "content": {
        "parts": [
          {
            "text": " help",
            "thought": true
          }
        ]
      }
    }
  ]
}
---
{
  "candidates": [
    {
      "content": {
        "parts": [
          {
            "text": ".",
            "thought": true
          }
        ]
      }
    }
  ]
}
---
{
  "candidates": [
    {
      "content": {
        "parts": [
          {
            "text": "\n",
            "thought": true
          }
        ]
      }
    }
  ]
}
---
{
  "candidates": [
    {
      "content": {
        "parts": [
          {
            "text": "\n"
          }
        ],
        "role": "model"
      }
    }
  ]
}
---
{
  "candidates": [
    {
      "content": {
        "parts": [
          {
            "text": "Hello"
          }
        ],
        "role": "model"
      }
    }
  ]
}
---
{
  "candidates": [
    {
      "content": {
        "parts": [
          {
            "text": "!"
          }
        ],
        "role": "model"
      }
    }
  ]
}
---
{
  "candidates": [
    {
      "content": {
        "parts": [
          {
            "text": " How"
          }
        ],
        "role": "model"
      }
    }
  ]
}
---
{
  "candidates": [
    {
      "content": {
        "parts": [
          {
            "text": " can"
          }
        ],
        "role": "model"
      }
    }
  ]
}
---
{
  "candidates": [
    {
      "content": {
        "parts": [
          {
            "text": " I"
          }
        ],
        "role": "model"
      }
    }
  ]
}
---
{
  "candidates": [
    {
      "content": {
        "parts": [
          {
            "text": " assist"
          }
        ],
        "role": "model"
      }
    }
  ]
}
---
{
  "candidates": [
    {
      "content": {
        "parts": [
          {
            "text": " you"
          }
        ],
        "role": "model"
      }
    }
  ]
}
---
{
  "candidates": [
    {
      "content": {
        "parts": [
          {
            "text": " today"
          }
        ],
        "role": "model"
      }
    }
  ]
}
---
{
  "candidates": [
    {
      "content": {
        "parts": [
          {
            "text": "?"
          }
        ],
        "role": "model"
      }
    }
  ]
}
---
{
  "candidates": [
    {
      "content": {
        "parts": [
          {
            "text": " Feel"
          }
        ],
        "role": "model"
      }
    }
  ]
}
---
{
  "candidates": [
    {
      "content": {
        "parts": [
          {
            "text": " free"
          }
        ],
        "role": "model"
      }
    }
  ]
}
---
{
  "candidates": [
    {
      "content": {
        "parts": [
          {
            "text": " to"
          }
        ],
        "role": "model"
      }
    }
  ]
}
---
{
  "candidates": [
    {
      "content": {
        "parts": [
          {
            "text": " ask"
          }
        ],
        "role": "model"
      }
    }
  ]
}
---
{
  "candidates": [
    {
      "content": {
        "parts": null
      },
      "finishReason": "MAX_TOKENS"
    }
  ]
}
---
{
  "candidates": null,
  "usageMetadata": {
    "candidatesTokenCount": 100,
    "promptTokenCount": 0,
    "totalTokenCount": 100
  }
}
