{
  "max_tokens": 100,
  "messages": [
    {
      "content": "What is the weather in Paris?",
      "role": "user"
    }
  ],
  "model": "conversion-test-model",
  "tools": [
    {
      "function": {
        "description": "Get the weather for a city",
        "name": "get_weather",
        "parameters": {
          "properties": {
            "city": {
              "type": "string"
            }
          },
          "required": [
            "city"
          ],
          "type": "object"
        }
      },
      "type": "function"
    }
  ]
}
