{
  "candidates": [
    {
      "content": {
        "parts": [
          {
            "text": "The weather in Paris is currently 18°C and sunny."
          }
        ],
        "role": "model"
      },
      "finishReason": "STOP"
    }
  ],
  "usageMetadata": {
    "candidatesTokenCount": 14,
    "promptTokenCount": 100,
    "totalTokenCount": 114
  }
}
