{
  "candidates": [
    {
      "content": {
        "parts": [
          {
            "text": "Black"
          }
        ],
        "role": "model"
      },
      "finishReason": "STOP"
    }
  ],
  "usageMetadata": {
    "candidatesTokenCount": 1,
    "promptTokenCount": 1097,
    "totalTokenCount": 1098
  }
}
