{
  "candidates": [
    {
      "content": {
        "parts": [
          {
            "text": "Hello! How can I help you today?"
          }
        ],
        "role": "model"
      },
      "finishReason": "STOP"
    }
  ],
  "usageMetadata": {
    "candidatesTokenCount": 9,
    "promptTokenCount": 2,
    "totalTokenCount": 33
  }
}
