{
  "model": "mimo-v2.5-pro",
  "object": "response",
  "output": [
    {
      "content": [
        {
          "text": "The user asked about the weather in Paris. The function returned \"18C and sunny\". I should present this information clearly to the user.",
          "type": "reasoning_text"
        }
      ],
      "status": "completed",
      "type": "reasoning"
    },
    {
      "content": [
        {
          "text": "The weather in Paris is currently **18°C and sunny**. It's a beautiful day! ☀️",
          "type": "output_text"
        }
      ],
      "role": "assistant",
      "status": "completed",
      "type": "message"
    }
  ],
  "status": "completed",
  "usage": {
    "input_tokens": 298,
    "output_tokens": 55,
    "total_tokens": 353
  }
}
