{
  "input": [
    {
      "content": [
        {
          "text": "Hello",
          "type": "input_text"
        }
      ],
      "role": "user",
      "type": "message"
    }
  ],
  "instructions": "You are a helpful assistant.",
  "max_output_tokens": 100,
  "model": "openrouter/free",
  "store": false,
  "stream": true
}
