{
  "response": {
    "model": "nvidia/nemotron-3.5-content-safety:free",
    "status": "in_progress"
  },
  "type": "response.created"
}
---
{
  "response": {
    "status": "in_progress"
  },
  "type": "response.in_progress"
}
---
{
  "response": {
    "model": "nvidia/nemotron-3.5-content-safety:free",
    "status": "in_progress"
  },
  "type": "response.created"
}
---
{
  "response": {
    "status": "in_progress"
  },
  "type": "response.in_progress"
}
---
{
  "item": {
    "content": [],
    "role": "assistant",
    "status": "in_progress",
    "type": "message"
  },
  "output_index": 0,
  "type": "response.output_item.added"
}
---
{
  "content_index": 0,
  "item_id": "msg_gen-1784170533-9SYGH5O8kWCPQzXf1rrm",
  "output_index": 0,
  "part": {
    "text": "",
    "type": "output_text"
  },
  "type": "response.content_part.added"
}
---
{
  "content_index": 0,
  "delta": "User",
  "item_id": "msg_gen-1784170533-9SYGH5O8kWCPQzXf1rrm",
  "output_index": 0,
  "type": "response.output_text.delta"
}
---
{
  "content_index": 0,
  "delta": " Safety",
  "item_id": "msg_gen-1784170533-9SYGH5O8kWCPQzXf1rrm",
  "output_index": 0,
  "type": "response.output_text.delta"
}
---
{
  "content_index": 0,
  "item_id": "msg_gen-1784170533-9SYGH5O8kWCPQzXf1rrm",
  "output_index": 0,
  "text": "User Safety",
  "type": "response.output_text.done"
}
---
{
  "content_index": 0,
  "item_id": "msg_gen-1784170533-9SYGH5O8kWCPQzXf1rrm",
  "output_index": 0,
  "part": {
    "text": "User Safety",
    "type": "output_text"
  },
  "type": "response.content_part.done"
}
---
{
  "item": {
    "content": [
      {
        "text": "User Safety",
        "type": "output_text"
      }
    ],
    "role": "assistant",
    "status": "completed",
    "type": "message"
  },
  "output_index": 0,
  "type": "response.output_item.done"
}
---
{
  "response": {
    "model": "nvidia/nemotron-3.5-content-safety:free",
    "status": "completed",
    "usage": {
      "input_tokens": 0,
      "output_tokens": 0,
      "total_tokens": 0
    }
  },
  "type": "response.completed"
}
