{
  "model": "mimo-v2.5",
  "object": "response",
  "output": [
    {
      "content": [
        {
          "text": "The user wants me to describe an image in one word.\nI looked at the provided image.\nThe image appears to be a blank white rectangle.\nTherefore, the most accurate single-word description is \"Blank\".",
          "type": "reasoning_text"
        }
      ],
      "status": "completed",
      "type": "reasoning"
    },
    {
      "content": [
        {
          "text": "Blank.",
          "type": "output_text"
        }
      ],
      "role": "assistant",
      "status": "completed",
      "type": "message"
    }
  ],
  "status": "completed",
  "usage": {
    "input_tokens": 272,
    "output_tokens": 46,
    "total_tokens": 318
  }
}
