{
  "max_tokens": 200,
  "messages": [
    {
      "content": "What is the weather in Paris?",
      "role": "user"
    },
    {
      "content": "",
      "role": "assistant",
      "tool_calls": [
        {
          "function": {
            "arguments": "{\"city\":\"Paris\"}",
            "name": "get_weather"
          },
          "type": "function"
        }
      ]
    },
    {
      "content": "18C and sunny",
      "role": "tool",
      "tool_call_id": "call_1"
    }
  ],
  "model": "mimo-v2.5-pro",
  "tools": [
    {
      "function": {
        "description": "Get the weather for a city",
        "name": "get_weather",
        "parameters": {
          "properties": {
            "city": {
              "type": "string"
            }
          },
          "required": [
            "city"
          ],
          "type": "object"
        }
      },
      "type": "function"
    }
  ]
}
