{
  "model": "nvidia/nemotron-3-super-120b-a12b:free",
  "object": "response",
  "output": [
    {
      "content": [
        {
          "text": "The user is asking for the weather in Paris. I have access to the get_weather function, which requires a city parameter. I need to call get_weather with city: \"Paris\". Let me do that.\n",
          "type": "reasoning_text"
        }
      ],
      "status": "completed",
      "type": "reasoning"
    },
    {
      "arguments": "{\"city\":\"Paris\"}",
      "call_id": "call-b79076d8-3ef3-499f-874c-5ab911e8620e",
      "name": "get_weather",
      "status": "completed",
      "type": "function_call"
    }
  ],
  "status": "completed",
  "usage": {
    "input_tokens": 275,
    "output_tokens": 70,
    "total_tokens": 345
  }
}
