{
  "content": [
    {
      "thinking": "\nThe user is asking for the current weather in Paris. I can use the \"get_weather\" tool to retrieve this information. I need to call the function with \"city\" set to \"Paris\".\n",
      "type": "thinking"
    },
    {
      "text": "\nI'll check the current weather in Paris for you.\n",
      "type": "text"
    },
    {
      "input": {
        "city": "Paris"
      },
      "name": "get_weather",
      "type": "tool_use"
    }
  ],
  "model": "poolside/laguna-m.1:free",
  "role": "assistant",
  "stop_reason": "tool_use",
  "type": "message",
  "usage": {
    "cache_read_input_tokens": 32,
    "input_tokens": 173,
    "output_tokens": 82
  }
}
