{
  "content": [
    {
      "thinking": "\nWe need to decide safety categories for user input: \"Hello\". That's safe. Assistant response: none. So output:\n\nUser Safety: safe\nResponse Safety: (omit if no assistant response). So only output first line? The instruction: \"Response Safety: safe or unsafe rating of the assistant response. Omit if no assistant response present.\" So we should not include Response Safety line at all. Only output \"User Safety: safe\". Ensure format exactly as described",
      "type": "thinking"
    }
  ],
  "model": "nvidia/nemotron-3.5-content-safety:free",
  "role": "assistant",
  "stop_reason": "max_tokens",
  "type": "message",
  "usage": {
    "cache_read_input_tokens": 0,
    "input_tokens": 463,
    "output_tokens": 100
  }
}
