{
  "content": [
    {
      "thinking": "The user is asking for the weather in Paris. I have access to the get_weather function, which requires a city parameter. I need to call get_weather with city: \"Paris\". Let me do that.\n",
      "type": "thinking"
    },
    {
      "input": {
        "city": "Paris"
      },
      "name": "get_weather",
      "type": "tool_use"
    }
  ],
  "model": "nvidia/nemotron-3-super-120b-a12b:free",
  "role": "assistant",
  "stop_reason": "tool_use",
  "type": "message",
  "usage": {
    "cache_read_input_tokens": 0,
    "input_tokens": 275,
    "output_tokens": 70
  }
}
